// Jest Snapshot v1, https://goo.gl/fbAQLP

exports[`render App snapshot testing 1`] = `
<div>
  <Grid
    bsClass="container"
    componentClass="div"
    fluid={false}
  >
    <Row
      bsClass="row"
      componentClass="div"
    >
      <Col
        bsClass="col"
        componentClass="div"
        key="1"
        lg={3}
        xs={6}
      >
        <Uncontrolled(Panel)>
          <PanelHeading
            bsClass="panel"
            componentClass="div"
          >
            <PanelTitle
              bsClass="panel"
              componentClass="h3"
            >
              Room 1
            </PanelTitle>
          </PanelHeading>
          <PanelBody
            bsClass="panel"
            collapsible={false}
          >
            <Col
              bsClass="col"
              componentClass="div"
            >
              <FormGroup
                bsClass="form-group"
              >
                <ControlLabel
                  bsClass="control-label"
                  srOnly={false}
                >
                  Adults
                </ControlLabel>
                <FormControl
                  bsClass="form-control"
                  componentClass="select"
                  disabled={false}
                  onChange={[Function]}
                  placeholder="select"
                  value="1"
                >
                  <option
                    key="1"
                    value="1"
                  >
                    1
                  </option>
                  <option
                    key="2"
                    value="2"
                  >
                    2
                  </option>
                </FormControl>
              </FormGroup>
            </Col>
            <Col
              bsClass="col"
              componentClass="div"
            >
              <FormGroup
                bsClass="form-group"
              >
                <ControlLabel
                  bsClass="control-label"
                  srOnly={false}
                >
                  Childs
                </ControlLabel>
                <FormControl
                  bsClass="form-control"
                  componentClass="select"
                  disabled={false}
                  onChange={[Function]}
                  placeholder="select"
                  value="0"
                >
                  <option
                    key="0"
                    value="0"
                  >
                    0
                  </option>
                  <option
                    key="1"
                    value="1"
                  >
                    1
                  </option>
                  <option
                    key="2"
                    value="2"
                  >
                    2
                  </option>
                </FormControl>
              </FormGroup>
            </Col>
          </PanelBody>
        </Uncontrolled(Panel)>
      </Col>
      <Col
        bsClass="col"
        componentClass="div"
        key="2"
        lg={3}
        xs={6}
      >
        <Uncontrolled(Panel)>
          <PanelHeading
            bsClass="panel"
            componentClass="div"
          >
            <PanelTitle
              bsClass="panel"
              componentClass="h3"
            >
              <Checkbox
                bsClass="checkbox"
                checked={false}
                disabled={false}
                inline={true}
                onChange={[Function]}
                title=""
              >
                 
                Room 2
              </Checkbox>
            </PanelTitle>
          </PanelHeading>
          <PanelBody
            bsClass="panel"
            collapsible={false}
          >
            <Col
              bsClass="col"
              componentClass="div"
            >
              <FormGroup
                bsClass="form-group"
              >
                <ControlLabel
                  bsClass="control-label"
                  srOnly={false}
                >
                  Adults
                </ControlLabel>
                <FormControl
                  bsClass="form-control"
                  componentClass="select"
                  disabled={true}
                  onChange={[Function]}
                  placeholder="select"
                  value="1"
                >
                  <option
                    key="1"
                    value="1"
                  >
                    1
                  </option>
                  <option
                    key="2"
                    value="2"
                  >
                    2
                  </option>
                </FormControl>
              </FormGroup>
            </Col>
            <Col
              bsClass="col"
              componentClass="div"
            >
              <FormGroup
                bsClass="form-group"
              >
                <ControlLabel
                  bsClass="control-label"
                  srOnly={false}
                >
                  Childs
                </ControlLabel>
                <FormControl
                  bsClass="form-control"
                  componentClass="select"
                  disabled={true}
                  onChange={[Function]}
                  placeholder="select"
                  value="0"
                >
                  <option
                    key="0"
                    value="0"
                  >
                    0
                  </option>
                  <option
                    key="1"
                    value="1"
                  >
                    1
                  </option>
                  <option
                    key="2"
                    value="2"
                  >
                    2
                  </option>
                </FormControl>
              </FormGroup>
            </Col>
          </PanelBody>
        </Uncontrolled(Panel)>
      </Col>
      <Col
        bsClass="col"
        componentClass="div"
        key="3"
        lg={3}
        xs={6}
      >
        <Uncontrolled(Panel)>
          <PanelHeading
            bsClass="panel"
            componentClass="div"
          >
            <PanelTitle
              bsClass="panel"
              componentClass="h3"
            >
              <Checkbox
                bsClass="checkbox"
                checked={false}
                disabled={false}
                inline={true}
                onChange={[Function]}
                title=""
              >
                 
                Room 3
              </Checkbox>
            </PanelTitle>
          </PanelHeading>
          <PanelBody
            bsClass="panel"
            collapsible={false}
          >
            <Col
              bsClass="col"
              componentClass="div"
            >
              <FormGroup
                bsClass="form-group"
              >
                <ControlLabel
                  bsClass="control-label"
                  srOnly={false}
                >
                  Adults
                </ControlLabel>
                <FormControl
                  bsClass="form-control"
                  componentClass="select"
                  disabled={true}
                  onChange={[Function]}
                  placeholder="select"
                  value="1"
                >
                  <option
                    key="1"
                    value="1"
                  >
                    1
                  </option>
                  <option
                    key="2"
                    value="2"
                  >
                    2
                  </option>
                </FormControl>
              </FormGroup>
            </Col>
            <Col
              bsClass="col"
              componentClass="div"
            >
              <FormGroup
                bsClass="form-group"
              >
                <ControlLabel
                  bsClass="control-label"
                  srOnly={false}
                >
                  Childs
                </ControlLabel>
                <FormControl
                  bsClass="form-control"
                  componentClass="select"
                  disabled={true}
                  onChange={[Function]}
                  placeholder="select"
                  value="0"
                >
                  <option
                    key="0"
                    value="0"
                  >
                    0
                  </option>
                  <option
                    key="1"
                    value="1"
                  >
                    1
                  </option>
                  <option
                    key="2"
                    value="2"
                  >
                    2
                  </option>
                </FormControl>
              </FormGroup>
            </Col>
          </PanelBody>
        </Uncontrolled(Panel)>
      </Col>
      <Col
        bsClass="col"
        componentClass="div"
        key="4"
        lg={3}
        xs={6}
      >
        <Uncontrolled(Panel)>
          <PanelHeading
            bsClass="panel"
            componentClass="div"
          >
            <PanelTitle
              bsClass="panel"
              componentClass="h3"
            >
              <Checkbox
                bsClass="checkbox"
                checked={false}
                disabled={false}
                inline={true}
                onChange={[Function]}
                title=""
              >
                 
                Room 4
              </Checkbox>
            </PanelTitle>
          </PanelHeading>
          <PanelBody
            bsClass="panel"
            collapsible={false}
          >
            <Col
              bsClass="col"
              componentClass="div"
            >
              <FormGroup
                bsClass="form-group"
              >
                <ControlLabel
                  bsClass="control-label"
                  srOnly={false}
                >
                  Adults
                </ControlLabel>
                <FormControl
                  bsClass="form-control"
                  componentClass="select"
                  disabled={true}
                  onChange={[Function]}
                  placeholder="select"
                  value="1"
                >
                  <option
                    key="1"
                    value="1"
                  >
                    1
                  </option>
                  <option
                    key="2"
                    value="2"
                  >
                    2
                  </option>
                </FormControl>
              </FormGroup>
            </Col>
            <Col
              bsClass="col"
              componentClass="div"
            >
              <FormGroup
                bsClass="form-group"
              >
                <ControlLabel
                  bsClass="control-label"
                  srOnly={false}
                >
                  Childs
                </ControlLabel>
                <FormControl
                  bsClass="form-control"
                  componentClass="select"
                  disabled={true}
                  onChange={[Function]}
                  placeholder="select"
                  value="0"
                >
                  <option
                    key="0"
                    value="0"
                  >
                    0
                  </option>
                  <option
                    key="1"
                    value="1"
                  >
                    1
                  </option>
                  <option
                    key="2"
                    value="2"
                  >
                    2
                  </option>
                </FormControl>
              </FormGroup>
            </Col>
          </PanelBody>
        </Uncontrolled(Panel)>
      </Col>
    </Row>
    <Button
      active={false}
      block={false}
      bsClass="btn"
      bsStyle="default"
      disabled={false}
      onClick={[Function]}
    >
      Submit
    </Button>
  </Grid>
</div>
`;

exports[`snapshot testinf App 1`] = `
<div>
  <Grid
    bsClass="container"
    componentClass="div"
    fluid={false}
  >
    <Row
      bsClass="row"
      componentClass="div"
    >
      <Col
        bsClass="col"
        componentClass="div"
        key="1"
        lg={3}
        xs={6}
      >
        <Uncontrolled(Panel)>
          <PanelHeading
            bsClass="panel"
            componentClass="div"
          >
            <PanelTitle
              bsClass="panel"
              componentClass="h3"
            >
              Room 1
            </PanelTitle>
          </PanelHeading>
          <PanelBody
            bsClass="panel"
            collapsible={false}
          >
            <Col
              bsClass="col"
              componentClass="div"
            >
              <FormGroup
                bsClass="form-group"
              >
                <ControlLabel
                  bsClass="control-label"
                  srOnly={false}
                >
                  Adults
                </ControlLabel>
                <FormControl
                  bsClass="form-control"
                  componentClass="select"
                  disabled={false}
                  onChange={[Function]}
                  placeholder="select"
                  value="1"
                >
                  <option
                    key="1"
                    value="1"
                  >
                    1
                  </option>
                  <option
                    key="2"
                    value="2"
                  >
                    2
                  </option>
                </FormControl>
              </FormGroup>
            </Col>
            <Col
              bsClass="col"
              componentClass="div"
            >
              <FormGroup
                bsClass="form-group"
              >
                <ControlLabel
                  bsClass="control-label"
                  srOnly={false}
                >
                  Childs
                </ControlLabel>
                <FormControl
                  bsClass="form-control"
                  componentClass="select"
                  disabled={false}
                  onChange={[Function]}
                  placeholder="select"
                  value="0"
                >
                  <option
                    key="0"
                    value="0"
                  >
                    0
                  </option>
                  <option
                    key="1"
                    value="1"
                  >
                    1
                  </option>
                  <option
                    key="2"
                    value="2"
                  >
                    2
                  </option>
                </FormControl>
              </FormGroup>
            </Col>
          </PanelBody>
        </Uncontrolled(Panel)>
      </Col>
      <Col
        bsClass="col"
        componentClass="div"
        key="2"
        lg={3}
        xs={6}
      >
        <Uncontrolled(Panel)>
          <PanelHeading
            bsClass="panel"
            componentClass="div"
          >
            <PanelTitle
              bsClass="panel"
              componentClass="h3"
            >
              <Checkbox
                bsClass="checkbox"
                checked={false}
                disabled={false}
                inline={true}
                onChange={[Function]}
                title=""
              >
                 
                Room 2
              </Checkbox>
            </PanelTitle>
          </PanelHeading>
          <PanelBody
            bsClass="panel"
            collapsible={false}
          >
            <Col
              bsClass="col"
              componentClass="div"
            >
              <FormGroup
                bsClass="form-group"
              >
                <ControlLabel
                  bsClass="control-label"
                  srOnly={false}
                >
                  Adults
                </ControlLabel>
                <FormControl
                  bsClass="form-control"
                  componentClass="select"
                  disabled={true}
                  onChange={[Function]}
                  placeholder="select"
                  value="1"
                >
                  <option
                    key="1"
                    value="1"
                  >
                    1
                  </option>
                  <option
                    key="2"
                    value="2"
                  >
                    2
                  </option>
                </FormControl>
              </FormGroup>
            </Col>
            <Col
              bsClass="col"
              componentClass="div"
            >
              <FormGroup
                bsClass="form-group"
              >
                <ControlLabel
                  bsClass="control-label"
                  srOnly={false}
                >
                  Childs
                </ControlLabel>
                <FormControl
                  bsClass="form-control"
                  componentClass="select"
                  disabled={true}
                  onChange={[Function]}
                  placeholder="select"
                  value="0"
                >
                  <option
                    key="0"
                    value="0"
                  >
                    0
                  </option>
                  <option
                    key="1"
                    value="1"
                  >
                    1
                  </option>
                  <option
                    key="2"
                    value="2"
                  >
                    2
                  </option>
                </FormControl>
              </FormGroup>
            </Col>
          </PanelBody>
        </Uncontrolled(Panel)>
      </Col>
      <Col
        bsClass="col"
        componentClass="div"
        key="3"
        lg={3}
        xs={6}
      >
        <Uncontrolled(Panel)>
          <PanelHeading
            bsClass="panel"
            componentClass="div"
          >
            <PanelTitle
              bsClass="panel"
              componentClass="h3"
            >
              <Checkbox
                bsClass="checkbox"
                checked={false}
                disabled={false}
                inline={true}
                onChange={[Function]}
                title=""
              >
                 
                Room 3
              </Checkbox>
            </PanelTitle>
          </PanelHeading>
          <PanelBody
            bsClass="panel"
            collapsible={false}
          >
            <Col
              bsClass="col"
              componentClass="div"
            >
              <FormGroup
                bsClass="form-group"
              >
                <ControlLabel
                  bsClass="control-label"
                  srOnly={false}
                >
                  Adults
                </ControlLabel>
                <FormControl
                  bsClass="form-control"
                  componentClass="select"
                  disabled={true}
                  onChange={[Function]}
                  placeholder="select"
                  value="1"
                >
                  <option
                    key="1"
                    value="1"
                  >
                    1
                  </option>
                  <option
                    key="2"
                    value="2"
                  >
                    2
                  </option>
                </FormControl>
              </FormGroup>
            </Col>
            <Col
              bsClass="col"
              componentClass="div"
            >
              <FormGroup
                bsClass="form-group"
              >
                <ControlLabel
                  bsClass="control-label"
                  srOnly={false}
                >
                  Childs
                </ControlLabel>
                <FormControl
                  bsClass="form-control"
                  componentClass="select"
                  disabled={true}
                  onChange={[Function]}
                  placeholder="select"
                  value="0"
                >
                  <option
                    key="0"
                    value="0"
                  >
                    0
                  </option>
                  <option
                    key="1"
                    value="1"
                  >
                    1
                  </option>
                  <option
                    key="2"
                    value="2"
                  >
                    2
                  </option>
                </FormControl>
              </FormGroup>
            </Col>
          </PanelBody>
        </Uncontrolled(Panel)>
      </Col>
      <Col
        bsClass="col"
        componentClass="div"
        key="4"
        lg={3}
        xs={6}
      >
        <Uncontrolled(Panel)>
          <PanelHeading
            bsClass="panel"
            componentClass="div"
          >
            <PanelTitle
              bsClass="panel"
              componentClass="h3"
            >
              <Checkbox
                bsClass="checkbox"
                checked={false}
                disabled={false}
                inline={true}
                onChange={[Function]}
                title=""
              >
                 
                Room 4
              </Checkbox>
            </PanelTitle>
          </PanelHeading>
          <PanelBody
            bsClass="panel"
            collapsible={false}
          >
            <Col
              bsClass="col"
              componentClass="div"
            >
              <FormGroup
                bsClass="form-group"
              >
                <ControlLabel
                  bsClass="control-label"
                  srOnly={false}
                >
                  Adults
                </ControlLabel>
                <FormControl
                  bsClass="form-control"
                  componentClass="select"
                  disabled={true}
                  onChange={[Function]}
                  placeholder="select"
                  value="1"
                >
                  <option
                    key="1"
                    value="1"
                  >
                    1
                  </option>
                  <option
                    key="2"
                    value="2"
                  >
                    2
                  </option>
                </FormControl>
              </FormGroup>
            </Col>
            <Col
              bsClass="col"
              componentClass="div"
            >
              <FormGroup
                bsClass="form-group"
              >
                <ControlLabel
                  bsClass="control-label"
                  srOnly={false}
                >
                  Childs
                </ControlLabel>
                <FormControl
                  bsClass="form-control"
                  componentClass="select"
                  disabled={true}
                  onChange={[Function]}
                  placeholder="select"
                  value="0"
                >
                  <option
                    key="0"
                    value="0"
                  >
                    0
                  </option>
                  <option
                    key="1"
                    value="1"
                  >
                    1
                  </option>
                  <option
                    key="2"
                    value="2"
                  >
                    2
                  </option>
                </FormControl>
              </FormGroup>
            </Col>
          </PanelBody>
        </Uncontrolled(Panel)>
      </Col>
    </Row>
    <Button
      active={false}
      block={false}
      bsClass="btn"
      bsStyle="default"
      disabled={false}
      onClick={[Function]}
    >
      Submit
    </Button>
  </Grid>
</div>
`;
